// Jest Snapshot v1, https://goo.gl/fbAQLP

exports[`Movie Tile snapshot matches 1`] = `
<div
  className=" w-movie-tile h-fit inline-block relative text-center px-1 py-1 mx-2 rounded-l bg-transparent"
  data-testid="test-id"
>
  <a
    href="/details/movie/123456"
    onClick={[Function]}
    onMouseEnter={[Function]}
    onTouchStart={[Function]}
  >
    <img
      alt="Blockbuster Movie"
      className="rounded-l bg-gray-500"
      data-nimg="1"
      decoding="async"
      height={213}
      loading="lazy"
      onError={[Function]}
      onLoad={[Function]}
      src="/_next/image?url=https%3A%2F%2Fimage.tmdb.org%2Ft%2Fp%2Fw185%2Fmock%2Fposter%2Fpath.png&w=384&q=75"
      srcSet="/_next/image?url=https%3A%2F%2Fimage.tmdb.org%2Ft%2Fp%2Fw185%2Fmock%2Fposter%2Fpath.png&w=256&q=75 1x, /_next/image?url=https%3A%2F%2Fimage.tmdb.org%2Ft%2Fp%2Fw185%2Fmock%2Fposter%2Fpath.png&w=384&q=75 2x"
      style={
        {
          "color": "transparent",
        }
      }
      width={150}
    />
  </a>
</div>
`;
